\begin{frame}[fragile]
\frametitle{Slide 1}


Here is a plot using default settings:

\noindent\makebox[\textwidth][c]{\includegraphics[height=0.75\textheight]{plot.png}}
\end{frame}

\begin{frame}[fragile]
\frametitle{Slide 2}


Here is a centered plot:

\noindent\makebox[\textwidth][c]{\includegraphics[height=0.75\textheight]{plot.png}}
\end{frame}

\begin{frame}[fragile]
\frametitle{Slide 3}


Here is a left-aligned plot:

\noindent{\includegraphics[height=0.75\textheight]{plot.png}\hfill}
\end{frame}

\begin{frame}[fragile]
\frametitle{Slide 4}


Here is a right-aligned plot:

\noindent{\hfill\includegraphics[height=0.75\textheight]{plot.png}}
\end{frame}

\begin{frame}[fragile]
\frametitle{Slide 5}


\noindent\makebox[\textwidth][c]{\includegraphics[height=0.75\textheight]{plot.png}}
\end{frame}