\begin{frame}[fragile]
\frametitle{Slide 1}


These bullets should display all at once (i.e. they do not overlay one
at a time)
\begin{itemize}

\item nooverlay bullet 1

\item nooverlay bullet 2
\end{itemize}
\end{frame}

\begin{frame}[fragile]
\frametitle{Slide 2}


These bullets should overlay one at a time:
\begin{itemize}[<+-| alert@+>]

\item overlay bullet 1

\item overlay bullet 2
\end{itemize}
\end{frame}

\begin{frame}[fragile]
\frametitle{Slide 3}


These bullets should follow the document defaults from the commandline
flag -{}-overlaybullets
\begin{itemize}[<+-| alert@+>]

\item default bullet 1

\item default bullet 2
\end{itemize}
\end{frame}

\begin{frame}[fragile]
\frametitle{Slide 4}


Non-overlaying enumerated list:
\begin{enumerate}

\item nooverlay enumerated 1

\item nooverlay enumerated 2
\end{enumerate}
\end{frame}

\begin{frame}[fragile]
\frametitle{Slide 5}


Overlaying enumerated list:
\begin{enumerate}[<+-| alert@+>]

\item overlay enumerated 1

\item overlay enumerated 2
\end{enumerate}
\end{frame}

\begin{frame}[fragile]
\frametitle{Slide 6}


Default overlaying enumerated list:
\begin{enumerate}[<+-| alert@+>]

\item default enumerated 1

\item default enumerated 2
\end{enumerate}
\end{frame}