%___________________________________________________________________________

\section*{\phantomsection%
  Section 1}


%___________________________________________________________________________

\subsection*{\phantomsection%
  Subsection 1.1}

\begin{frame}[fragile]
\frametitle{Slide 1}

\begin{itemize}[<+-| alert@+>]

\item These slides are in sections and subsections within the document
\begin{itemize}[<+-| alert@+>]

\item Which means all slides must be in a section
\emph{and} subsection! (For sectioning consistency.)

\item You may use a ``dummy'' subsection to make a slide appear to be in a
section rather than a subsection.
\end{itemize}
\end{itemize}
\end{frame}


%___________________________________________________________________________

\subsection*{\phantomsection%
  Subsection 1.2}

\begin{frame}[fragile]
\frametitle{Slide 2}


A slide in a new subsection.
\end{frame}


%___________________________________________________________________________

\section*{\phantomsection%
  Section 2}


%___________________________________________________________________________

\subsection*{\phantomsection%
  Subsection 2.1}

\begin{frame}[fragile]
\frametitle{Slide 3}


A slide.
\end{frame}

\begin{frame}[fragile]
\frametitle{Slide 4}


A slide.
\end{frame}


%___________________________________________________________________________

\section*{\phantomsection%
  Section 3}

\begin{frame}[fragile]
\frametitle{Slide 5}


These next two slides are in a ``dummy'' subsection
\end{frame}

\begin{frame}[fragile]
\frametitle{Slide 6}


A slide.
\end{frame}