\begin{frame}[fragile]
\frametitle{Slide 1}

\begin{itemize}[<+-| alert@+>]

\item it has some bullets

\item bullet 2
\end{itemize}
\end{frame}

\begin{frame}[fragile]
\frametitle{Slide 2}


A second slide
\end{frame}
